> Attach("min_red_binary_form.m");
> F<t> := FunctionField(Rationals());
> load "simplify-6T15-[5,4,2]-51-42-2211-g0.m";
Loading "simplify-6T15-[5,4,2]-51-42-2211-g0.m"
> phi1
> ;
(1/648626449*(67262400*nu1 + 1902382848)*x^6 + 1/648626449*(-350695008*nu1 -
    589286016)*x^5)/(x^6 + 1/3074059*(2550981*nu1 + 1416912)*x^5 +
    1/2594505796*(-1006504575*nu1 + 57591900)*x^4 + 1/648626449*(-142471950*nu1
    + 949516600)*x^3 + 1/648626449*(-75218250*nu1 - 327741000)*x^2 +
    1/648626449*(-49794600*nu1 + 31384800)*x + 1/648626449*(19666500*nu1 -
    43658000))
> K1;
Number Field with defining polynomial $.1^2 - $.1 + 4 over the Rational Field
> autK1 := hom<K1 -> K1 | 1-K1.1>;
> numphi1 := Numerator(phi1); denphi1 := Denominator(phi1);
> numphi1c := Parent(numphi1)![autK1(c) : c in Coefficients(numphi1)];

>> numphi1c := Parent(numphi1)![autK1(c) : c in Coefficients(numphi1)];
                              ^
Runtime error in '!': Illegal coercion
> Parent(numphi1);
Affine Algebra of rank 1 over K1
Lexicographical Order
Variables: x
Quotient relations:
[
]
> // define it directly as a rational function
> PK1<x> := PolynomialRing(K1);
> FK1<X> := FunctionField(K1);
> phi1 := ((1/648626449*(67262400*nu1 + 1902382848)*x^6 + 1/648626449*(-350695\
008*nu1 - 589286016)*x^5)/(x^6 + 1/3074059*(2550981*nu1 + 1416912)*x^5 + 1/259\
4505796*(-1006504575*nu1 + 57591900)*x^4 + 1/648626449*(-142471950*nu1 + 94951\
6600)*x^3 + 1/648626449*(-75218250*nu1 - 327741000)*x^2 + 1/648626449*(-497946\
00*nu1 + 31384800)*x + 1/648626449*(19666500*nu1 - 43658000))) where x := X;
> numphi1 := Numerator(phi1); denphi1 := Denominator(phi1);
> numphi1c := Parent(numphi1)![autK1(c) : c in Coefficients(numphi1)];
> denphi1c := Parent(numphi1)![autK1(c) : c in Coefficients(denphi1)];
> F!(phi1*numphi1c/denphi1c);
(5804752896/648626449*t^12 - 4837294080/648626449*t^11 +
    1612431360/648626449*t^10)/(t^12 + 5384805/3074059*t^11 +
    7798958985/2594505796*t^10 - 4676875/648626449*t^9 + 306253125/648626449*t^8
    - 982350000/648626449*t^7 + 1284765000/648626449*t^6 -
    659700000/648626449*t^5 + 292500000/648626449*t^4 - 88000000/648626449*t^3 +
    35400000/648626449*t^2 - 12000000/648626449*t + 4000000/648626449)
> P1<u,v> := ProjectiveSpace(Rationals(), 1);
> MinimizeAndReduce(Numerator($1)*Denominator($1));
3888*x^14 - 24624*x^13 + 123552*x^12 - 294516*x^11 + 1783053*x^10 - 2948832*x^9
    + 14604786*x^8 - 45334728*x^7 + 59656149*x^6 - 140353092*x^5 + 706503312*x^4
    - 763942176*x^3 + 475224048*x^2 - 3061608384*x + 5966204672

[  0 -10]
[  6  -7]
16124313600000000000000000/420716270342349601
> _, tr := $1;
> Evaluate(phi1, (tr[1,1]*X + tr[1,2])/(tr[2,1]*X + tr[2,2]));
(1/3*(-400*nu1 + 200)*X + 1/9*(-1600*nu1 - 3700))/(X^6 + (-nu1 - 4)*X^5 +
    1/4*(65*nu1 + 20)*X^4 + (-40*nu1 + 60)*X^3 + (55*nu1 - 275)*X^2 +
    1/3*(260*nu1 + 644)*X + 1/9*(-2212*nu1 - 928))
>
> load "simplify-7T5-[4,3,3]-421-331-331-g0.m";
Loading "simplify-7T5-[4,3,3]-421-331-331-g0.m"
> K1;
Number Field with defining polynomial x^4 - 2*x^3 - x^2 - 4*x - 2 over the
Rational Field
> GaloisGroup(MinimalPolynomial(K1.1));
Permutation group acting on a set of cardinality 4
Order = 8 = 2^3
    (1, 3)(2, 4)
    (3, 4)
[ 430044397 + O(71^5), -117431408 + O(71^5), -725395386 + O(71^5), 412782399 +
O(71^5) ]
GaloisData over Z_71
> // not Galois; compute norm via matrix rep.
> PK1<x> := PolynomialRing(K1);
> FK1<X> := FunctionField(K1);
> phi1 := ((1/5302798*(6037998*nu1^3 + 7954617*nu1^2 + 14835036*nu1 + 11449359\
)*x^7 + 1/119164*(-184251*nu1^3 + 755595*nu1^2 + 334770*nu1 - 88512)*x^6 + 1/1\
19164*(-11007*nu1^3 - 1440966*nu1^2 - 4499178*nu1 - 2326506)*x^5 + 1/476656*(4\
319181*nu1^3 - 7228083*nu1^2 + 9182046*nu1 + 5483118)*x^4)/(x^7 + 1/124*(-81*n\
u1^3 + 423*nu1^2 + 330*nu1 + 46)*x^6 + 1/3844*(34167*nu1^3 - 28212*nu1^2 - 283\
98*nu1 - 26832)*x^5 + 1/476656*(-1357687*nu1^3 + 1533345*nu1^2 + 16844214*nu1 \
+ 7040590)*x^4 + 1/59582*(-1759040*nu1^3 + 407349*nu1^2 - 4314168*nu1 - 162387\
4)*x^3 + 1/238328*(5386287*nu1^3 - 3561921*nu1^2 - 486*nu1 + 2867058)*x^2 + 1/\
119164*(1896829*nu1^3 + 1520004*nu1^2 + 10106694*nu1 + 3648616)*x + 1/476656*(\
-11351819*nu1^3 + 9805005*nu1^2 - 15719682*nu1 - 14198570))) where x := X;
> pol := Numerator(phi1)*Denominator(phi1);
> function rep(a) // a in K1, return matrix of mult. by a
function> return Matrix([Eltseq(a*K1.1^j) : j in [0..3]]); end function;
> P<z> := PolynomialRing(Rationals());
> normpol := Determinant(&+[ChangeRing(rep(Coefficient(pol, j)), P)*z^j : j in\
 [0..Degree(pol)]]);
> normpol;
600362847/10605596*z^56 + 30618505197/164386738*z^55 -
    73649512255725/20383955512*z^54 + 12022210177430229/631902620872*z^53 +
    322659643075209279/5055220966976*z^52 -
    1613906469392307363/1263805241744*z^51 +
    30721125062943732627/5055220966976*z^50 -
    8481682118636328231/5055220966976*z^49 -
    11624272404245042921505/80883535471616*z^48 +
    37232292029105565986265/40441767735808*z^47 -
    467984188341024524072883/161767070943232*z^46 +
    562263382729943117358345/161767070943232*z^45 +
    14166007871126441820745185/1294136567545856*z^44 -
    2734546775449978363220577/40441767735808*z^43 +
    13738220941486024692992997/80883535471616*z^42 -
    14953742999807706077015277/80883535471616*z^41 -
    39915500092547648499990927/161767070943232*z^40 +
    230901468717501576227637495/161767070943232*z^39 -
    861261035508898359739090407/323534141886464*z^38 +
    112558658818899359399089617/80883535471616*z^37 +
    3420256548992924091793812183/647068283772928*z^36 -
    2417697192511971968006538801/161767070943232*z^35 +
    4814542645280944491139604667/323534141886464*z^34 +
    24490867091430108792315501/2527610483488*z^33 -
    16441490945783955188875766427/323534141886464*z^32 +
    9929223571584355391511613161/161767070943232*z^31 +
    2889163699180155061846240437/323534141886464*z^30 -
    20278436676322171730980896243/161767070943232*z^29 +
    190571357680595785998938561049/1294136567545856*z^28 +
    2917619994293577420522360777/161767070943232*z^27 -
    76856489422227415817341898319/323534141886464*z^26 +
    17659638036880564781689945137/80883535471616*z^25 +
    402668357459918710944547071/3635215077376*z^24 -
    74106314398082144105246529/227200942336*z^23 +
    35754795254927267518354929/454401884672*z^22 +
    12619697698216758979566639/56800235584*z^21 -
    112173668668595561440977585/908803769344*z^20 -
    8686754934458640532007571/113600471168*z^19 +
    13433472112981842539012241/227200942336*z^18 +
    610761553323275474254449/56800235584*z^17 -
    2363381662859631182984607/227200942336*z^16
> MinimizeAndReduce(normpol);
122023936*z^56 + 401498112*z^55 - 7788390400*z^54 + 41011009536*z^53 +
    137584910592*z^52 - 2752735671296*z^51 + 13099758013696*z^50 -
    3616663877888*z^49 - 309793251526640*z^48 + 1984522111727840*z^47 -
    6236017977188712*z^46 + 7492314163537080*z^45 + 23595743710513855*z^44 -
    145754350475986912*z^43 + 366131142461879216*z^42 - 398525473707275056*z^41
    - 531885013098389128*z^40 + 3076825554696612680*z^39 -
    5738270046606653924*z^38 + 2999750151265422576*z^37 +
    11393964720115080978*z^36 - 32216479811742540664*z^35 +
    32077552229216772244*z^34 + 20886242400693085696*z^33 -
    109543693637550860564*z^32 + 132309634031492363704*z^31 +
    19249450319034515884*z^30 - 270215744064151547752*z^29 +
    317426967096442904967*z^28 + 38878088594227449528*z^27 -
    512066926234876861508*z^26 + 470639064362503825136*z^25 +
    238772162488147873508*z^24 - 703090754067724468672*z^23 +
    169613521880764979936*z^22 + 478922361356865636608*z^21 -
    266064605733472510320*z^20 - 164832838520656880256*z^19 +
    127451353024089738688*z^18 + 23178634887973852928*z^17 -
    22422809837279053376*z^16

[1 0]
[0 1]
1/1294136567545856
> // only scaling; no other improvement

Total time: 0.750 seconds, Total memory usage: 32.09MB
